// Jest Snapshot v1, https://goo.gl/fbAQLP

exports[`renders without crashing 1`] = `
ShallowWrapper {
  "length": 1,
  Symbol(enzyme.__root__): [Circular],
  Symbol(enzyme.__unrendered__): <Loading
    onPress={[Function]}
/>,
  Symbol(enzyme.__renderer__): Object {
    "batchedUpdates": [Function],
    "getNode": [Function],
    "render": [Function],
    "simulateEvent": [Function],
    "unmount": [Function],
  },
  Symbol(enzyme.__node__): Object {
    "instance": null,
    "key": null,
    "nodeType": "class",
    "props": Object {
      "children": <span
        style={
                Object {
                        "color": "white",
                      }
        }
>
        Now
</span>,
      "disabled": false,
      "mini": false,
      "onClick": [Function],
      "onKeyPress": [Function],
      "secondary": false,
      "style": Object {
        "bottom": 40,
        "display": "block",
        "position": "fixed",
        "right": 40,
        "textAlign": "center",
      },
      "zDepth": 2,
    },
    "ref": null,
    "rendered": Object {
      "instance": null,
      "key": null,
      "nodeType": "host",
      "props": Object {
        "children": "Now",
        "style": Object {
          "color": "white",
        },
      },
      "ref": null,
      "rendered": "Now",
      "type": "span",
    },
    "type": [Function],
  },
  Symbol(enzyme.__nodes__): Array [
    Object {
      "instance": null,
      "key": null,
      "nodeType": "class",
      "props": Object {
        "children": <span
          style={
                    Object {
                              "color": "white",
                            }
          }
>
          Now
</span>,
        "disabled": false,
        "mini": false,
        "onClick": [Function],
        "onKeyPress": [Function],
        "secondary": false,
        "style": Object {
          "bottom": 40,
          "display": "block",
          "position": "fixed",
          "right": 40,
          "textAlign": "center",
        },
        "zDepth": 2,
      },
      "ref": null,
      "rendered": Object {
        "instance": null,
        "key": null,
        "nodeType": "host",
        "props": Object {
          "children": "Now",
          "style": Object {
            "color": "white",
          },
        },
        "ref": null,
        "rendered": "Now",
        "type": "span",
      },
      "type": [Function],
    },
  ],
  Symbol(enzyme.__options__): Object {
    "adapter": ReactSixteenAdapter {
      "options": Object {
        "enableComponentDidUpdateOnSetState": true,
      },
    },
  },
}
`;
