// Jest Snapshot v1, https://goo.gl/fbAQLP

exports[`renders without crashing 1`] = `
ShallowWrapper {
  "length": 1,
  Symbol(enzyme.__root__): [Circular],
  Symbol(enzyme.__unrendered__): <Loading />,
  Symbol(enzyme.__renderer__): Object {
    "batchedUpdates": [Function],
    "getNode": [Function],
    "render": [Function],
    "simulateEvent": [Function],
    "unmount": [Function],
  },
  Symbol(enzyme.__node__): Object {
    "instance": null,
    "key": null,
    "nodeType": "class",
    "props": Object {
      "children": <img
        className="loadingSpinner"
        src="ems-software.png"
/>,
      "circle": true,
      "rounded": true,
      "style": Object {
        "display": "block",
        "left": "50%",
        "position": "fixed",
        "textAlign": "center",
        "top": 100,
        "transform": "translateX(-50%)",
      },
      "transitionEnabled": true,
      "zDepth": 1,
    },
    "ref": null,
    "rendered": Object {
      "instance": null,
      "key": null,
      "nodeType": "host",
      "props": Object {
        "className": "loadingSpinner",
        "src": "ems-software.png",
      },
      "ref": null,
      "rendered": null,
      "type": "img",
    },
    "type": [Function],
  },
  Symbol(enzyme.__nodes__): Array [
    Object {
      "instance": null,
      "key": null,
      "nodeType": "class",
      "props": Object {
        "children": <img
          className="loadingSpinner"
          src="ems-software.png"
/>,
        "circle": true,
        "rounded": true,
        "style": Object {
          "display": "block",
          "left": "50%",
          "position": "fixed",
          "textAlign": "center",
          "top": 100,
          "transform": "translateX(-50%)",
        },
        "transitionEnabled": true,
        "zDepth": 1,
      },
      "ref": null,
      "rendered": Object {
        "instance": null,
        "key": null,
        "nodeType": "host",
        "props": Object {
          "className": "loadingSpinner",
          "src": "ems-software.png",
        },
        "ref": null,
        "rendered": null,
        "type": "img",
      },
      "type": [Function],
    },
  ],
  Symbol(enzyme.__options__): Object {
    "adapter": ReactSixteenAdapter {
      "options": Object {
        "enableComponentDidUpdateOnSetState": true,
      },
    },
  },
}
`;
